src/app/analytics/page.tsx(150,66): error TS7006: Parameter 'row' implicitly has an 'any' type.
src/components/detail/ScoreRadar.tsx(59,50): error TS2353: Object literal may only specify known properties, and 'getFontSize' does not exist in type 'SVGProps<SVGTextElement> | ReactElement<SVGElement, string | JSXElementConstructor<any>> | ((props: TickItemTextProps) => ReactElement<...>)'.
src/hooks/useAnalytics.ts(3,10): error TS2305: Module '"../types"' has no exported member 'AnalyticsResponse'.
